// Jest Snapshot v1, https://goo.gl/fbAQLP

exports[`RepoLibraryContent component renders correctly 1`] = `
<table
  className="chakra-table css-0"
>
  <tbody
    className="css-0"
  />
</table>
`;
