// Jest Snapshot v1, https://goo.gl/fbAQLP

exports[`AlertBar component renders correctly 1`] = `null`;
