// Jest Snapshot v1, https://goo.gl/fbAQLP

exports[`DeleteAlert component renders correctly 1`] = `<span />`;
