// Jest Snapshot v1, https://goo.gl/fbAQLP

exports[`RepoSearch component renders correctly 1`] = `
[
  <style
    dangerouslySetInnerHTML={
      {
        "__html": ".css-wxprr5{display:-webkit-box;display:-webkit-flex;display:-ms-flexbox;display:flex;-webkit-box-pack:center;-ms-flex-pack:center;-webkit-justify-content:center;justify-content:center;text-align:center;padding:8px;margin-top:20px;margin-bottom:20px;}",
      }
    }
    data-emotion="css wxprr5"
  />,
  <div
    className="css-wxprr5"
  >
    <style
      dangerouslySetInnerHTML={
        {
          "__html": ".css-19qgjkk{font-size:sm;color:orange.500;}",
        }
      }
      data-emotion="css 19qgjkk"
    />
    <p
      className="chakra-text css-19qgjkk"
    >
      <style
        dangerouslySetInnerHTML={
          {
            "__html": ".css-1jwamw7{display:inline-block;line-height:1em;-webkit-flex-shrink:0;-ms-flex-negative:0;flex-shrink:0;color:orange.500;vertical-align:middle;margin-right:1px;width:5px;height:5px;}",
          }
        }
        data-emotion="css 1jwamw7"
      />
      <svg
        className="chakra-icon css-1jwamw7"
        focusable={false}
        viewBox="0 0 24 24"
      >
        <path
          d="M23.119,20,13.772,2.15h0a2,2,0,0,0-3.543,0L.881,20a2,2,0,0,0,1.772,2.928H21.347A2,2,0,0,0,23.119,20ZM11,8.423a1,1,0,0,1,2,0v6a1,1,0,1,1-2,0Zm1.05,11.51h-.028a1.528,1.528,0,0,1-1.522-1.47,1.476,1.476,0,0,1,1.448-1.53h.028A1.527,1.527,0,0,1,13.5,18.4,1.475,1.475,0,0,1,12.05,19.933Z"
          fill="currentColor"
        />
      </svg>
      Make sure to start REPOSERVER first.
       
      <br />
      Once started, reload the page to use the app!
    </p>
  </div>,
]
`;
